[d4builds.gg/index.html]
[backblue.gif]
[fade.gif]
[index.html]
[rerollcdn.com/WOW/UI/socket_meta.gif]
[d4builds.gg/favicon-32x32e40e.png]
[d4builds.gg/manifest.webmanifest]
[d4builds.gg/src/images/favicon-16x16e40e.png]
[d4builds.gg/icons/icon-48x48e40e.png]
[d4builds.gg/icons/icon-72x72e40e.png]
[d4builds.gg/icons/icon-96x96e40e.png]
[d4builds.gg/icons/icon-144x144e40e.png]
[d4builds.gg/icons/icon-192x192e40e.png]
[d4builds.gg/icons/icon-256x256e40e.png]
[d4builds.gg/icons/icon-384x384e40e.png]
[d4builds.gg/icons/icon-512x512e40e.png]
[d4builds.gg/webpack-runtime-4b7bb37a2d1d57e053e2.js]
[d4builds.gg/framework-9235869494a111b68185.js]
[d4builds.gg/7112840a-4bc2cd4378ee9016d2b2.js]
[d4builds.gg/5361625a-0c553883e1128fe14881.js]
[d4builds.gg/app-3daef76e9791a091656d.js]
[d4builds.gg/commons-097dcf20aa42cfbe2dbb.js]
[d4builds.gg/e0b021d8be46ca5a7553d19fa1a1596dc3b9ba7f-04fe9e45792dc57b1e32.js]
[d4builds.gg/6714793227db98349cce3bdb75b63f41ce186f27-a296d160b669206a65d5.js]
[d4builds.gg/1ce908e91af5193d783e2855d13329028e54e324-0aae27ab97e38b4dd0fb.js]
[d4builds.gg/component---src-templates-homepage-js-a3aad51e30abf6a7d896.js]
[d4builds.gg/page-data/index/page-data.json]
[d4builds.gg/page-data/sq/d/3649515864.json]
[d4builds.gg/page-data/sq/d/63159454.json]
[d4builds.gg/page-data/app-data.json]
[rerollcdn.com/DIABLO4/Classes/1/barbarian.png]
[d4builds.gg/my-builds/index.html]
[d4builds.gg/skill-trees/index.html]
[d4builds.gg/build-planner/index.html]
[rerollcdn.com/DIABLO4/Classes/1/druid.png]
[d4builds.gg/database/class-skills/index.html]
[d4builds.gg/database/uniques/index.html]
[d4builds.gg/database/legendary-aspects/index.html]
[d4builds.gg/database/paragon-boards/index.html]
[rerollcdn.com/DIABLO4/Classes/1/necromancer.png]
[d4builds.gg/database/paragon-glyphs/index.html]
[rerollcdn.com/DIABLO4/Classes/1/rogue.png]
[rerollcdn.com/DIABLO4/Classes/1/sorcerer.png]
[d4builds.gg/index.html]
[d4builds.gg/polyfill-03a8b08ecd7b3de01ab1.js]
[d4builds.gg/component---src-templates-my-builds-js-5f519c888d9e64266846.js]
[d4builds.gg/my-builds/index.html]
[d4builds.gg/page-data/my-builds/page-data.json]
[d4builds.gg/privacy/index.html]
[d4builds.gg/5126e4d862026217598c23201610573ed2d8397f-ce69ac99851f07d21296.js]
[d4builds.gg/c789e518cfc51c5df779a18eb493eab12e2ede11-85c84600f4646f1f0dec.js]
[d4builds.gg/component---src-templates-build-planner-js-5fc4babfe9bd0bbaa525.js]
[rerollcdn.com/DIABLO4/UI/gear_skills.png]
[rerollcdn.com/DIABLO4/UI/skill_tree.png]
[d4builds.gg/page-data/build-planner/page-data.json]
[rerollcdn.com/DIABLO4/UI/paragon.png]
[rerollcdn.com/DIABLO4/Uniques/helm.png]
[rerollcdn.com/DIABLO4/Uniques/chest_armor.png]
[rerollcdn.com/DIABLO4/Uniques/gloves.png]
[rerollcdn.com/DIABLO4/Uniques/pants.png]
[rerollcdn.com/DIABLO4/Uniques/boots.png]
[rerollcdn.com/DIABLO4/Uniques/bludgeoning_weapon.png]
[rerollcdn.com/DIABLO4/Uniques/dual-wield_weapon_1.png]
[rerollcdn.com/DIABLO4/Uniques/amulet.png]
[rerollcdn.com/DIABLO4/Uniques/ring_1.png]
[rerollcdn.com/DIABLO4/Uniques/ring_2.png]
[rerollcdn.com/DIABLO4/Uniques/slashing_weapon.png]
[rerollcdn.com/DIABLO4/Uniques/dual-wield_weapon_2.png]
[rerollcdn.com/DIABLO4/UI/empty_skill.png]
[d4builds.gg/build-planner/index.html]
[d4builds.gg/component---src-templates-skill-trees-landing-js-58d4c11dede9db4a0d05.js]
[d4builds.gg/page-data/skill-trees/page-data.json]
[d4builds.gg/skill-trees/index.html]
[d4builds.gg/component---src-templates-skills-js-e23640a32f9039e5e3f7.js]
[d4builds.gg/skill-trees/necromancer/index.html]
[d4builds.gg/skill-trees/barbarian/index.html]
[d4builds.gg/skill-trees/druid/index.html]
[d4builds.gg/page-data/database/class-skills/page-data.json]
[d4builds.gg/skill-trees/rogue/index.html]
[rerollcdn.com/DIABLO4/Elements/physical.png]
[d4builds.gg/skill-trees/sorcerer/index.html]
[rerollcdn.com/DIABLO4/Elements/lightning.png]
[rerollcdn.com/DIABLO4/Elements/poison.png]
[rerollcdn.com/DIABLO4/Elements/shadow.png]
[rerollcdn.com/DIABLO4/Elements/fire.png]
[rerollcdn.com/DIABLO4/Elements/cold.png]
[d4builds.gg/database/class-skills/index.html]
[d4builds.gg/component---src-templates-uniques-js-92e4df6fa0e3096dd8ed.js]
[d4builds.gg/database/uniques/index.html]
[d4builds.gg/page-data/database/uniques/page-data.json]
[d4builds.gg/component---src-templates-codexes-js-22aa51ad6c32dbb33e2b.js]
[d4builds.gg/database/legendary-aspects/index.html]
[d4builds.gg/page-data/database/legendary-aspects/page-data.json]
[d4builds.gg/d96db347eeb481e915d6aa346e7e430c6a003205-6d943ca5df1db08d6a96.js]
[d4builds.gg/component---src-templates-paragon-boards-js-b9484ab98252965ba0ff.js]
[d4builds.gg/page-data/database/paragon-boards/page-data.json]
[rerollcdn.com/DIABLO4/Paragon/2/Barbarian_active.png]
[rerollcdn.com/DIABLO4/Paragon/tile_bg_legendary.png]
[rerollcdn.com/DIABLO4/Paragon/2/Druid_active.png]
[rerollcdn.com/DIABLO4/Paragon/2/Necromancer_active.png]
[rerollcdn.com/DIABLO4/Paragon/2/Rogue_active.png]
[rerollcdn.com/DIABLO4/Paragon/2/Sorcerer_active.png]
[d4builds.gg/database/paragon-boards/index.html]
[d4builds.gg/component---src-templates-paragon-glyphs-js-f3d4e014ee7c2d1f5c1c.js]
[d4builds.gg/database/paragon-glyphs/index.html]
[d4builds.gg/page-data/database/paragon-glyphs/page-data.json]
[d4builds.gg/component---src-pages-privacy-js-03169194c3d8cf39553f.js]
[d4builds.gg/page-data/privacy/page-data.json]
[d4builds.gg/privacy/index.html]
[d4builds.gg/component---src-templates-skill-trees-js-cf76bfebc93cf5af40d0.js]
[d4builds.gg/page-data/skill-trees/barbarian/page-data.json]
[rerollcdn.com/DIABLO4/SkillTree/connector_small.png]
[rerollcdn.com/DIABLO4/SkillTree/connector_small_active.png]
[rerollcdn.com/DIABLO4/SkillTree/connector_small_fill.png]
[rerollcdn.com/DIABLO4/Skills/2/lunging_strike.png]
[rerollcdn.com/DIABLO4/Skills/2/bash.png]
[rerollcdn.com/DIABLO4/Skills/2/frenzy.png]
[rerollcdn.com/DIABLO4/Skills/2/flay.png]
[rerollcdn.com/DIABLO4/Skills/2/whirlwind.png]
[rerollcdn.com/DIABLO4/Skills/2/hammer_of_the_ancients.png]
[rerollcdn.com/DIABLO4/Skills/2/pressure_point.png]
[rerollcdn.com/DIABLO4/Skills/2/upheaval.png]
[rerollcdn.com/DIABLO4/Skills/2/double_swing.png]
[rerollcdn.com/DIABLO4/Skills/2/endless_fury.png]
[rerollcdn.com/DIABLO4/Skills/2/rend.png]
[rerollcdn.com/DIABLO4/Skills/2/ground_stomp.png]
[rerollcdn.com/DIABLO4/Skills/2/imposing_presence.png]
[rerollcdn.com/DIABLO4/Skills/2/martial_vigor.png]
[rerollcdn.com/DIABLO4/Skills/2/rallying_cry.png]
[rerollcdn.com/DIABLO4/Skills/2/iron_skin.png]
[rerollcdn.com/DIABLO4/Skills/2/outburst.png]
[rerollcdn.com/DIABLO4/Skills/2/tough_as_nails.png]
[rerollcdn.com/DIABLO4/Skills/2/challenging_shout.png]
[rerollcdn.com/DIABLO4/Skills/2/kick.png]
[rerollcdn.com/DIABLO4/Skills/2/war_cry.png]
[rerollcdn.com/DIABLO4/Skills/2/booming_voice.png]
[rerollcdn.com/DIABLO4/Skills/2/raid_leader.png]
[rerollcdn.com/DIABLO4/Skills/2/guttural_yell.png]
[rerollcdn.com/DIABLO4/Skills/2/charge.png]
[rerollcdn.com/DIABLO4/Skills/2/leap.png]
[rerollcdn.com/DIABLO4/Skills/2/aggressive_resistance.png]
[rerollcdn.com/DIABLO4/Skills/2/battle_fervor.png]
[rerollcdn.com/DIABLO4/Skills/2/prolific_fury.png]
[rerollcdn.com/DIABLO4/Skills/2/swiftness.png]
[rerollcdn.com/DIABLO4/Skills/2/quick_impulses.png]
[rerollcdn.com/DIABLO4/Skills/2/pit_fighter.png]
[rerollcdn.com/DIABLO4/Skills/2/no_mercy.png]
[rerollcdn.com/DIABLO4/Skills/2/slaying_strike.png]
[rerollcdn.com/DIABLO4/Skills/2/expose_vulnerability.png]
[rerollcdn.com/DIABLO4/Skills/2/rupture.png]
[rerollcdn.com/DIABLO4/Skills/2/hamstring.png]
[rerollcdn.com/DIABLO4/Skills/2/cut_to_the_bone.png]
[rerollcdn.com/DIABLO4/Skills/2/steel_grasp.png]
[rerollcdn.com/DIABLO4/Skills/2/thick_skin.png]
[rerollcdn.com/DIABLO4/Skills/2/defensive_stance.png]
[rerollcdn.com/DIABLO4/Skills/2/counteroffensive.png]
[rerollcdn.com/DIABLO4/Skills/2/death_blow.png]
[rerollcdn.com/DIABLO4/Skills/2/call_of_the_ancients.png]
[rerollcdn.com/DIABLO4/Skills/2/duelist.png]
[rerollcdn.com/DIABLO4/Skills/2/iron_maelstrom.png]
[rerollcdn.com/DIABLO4/Skills/2/tempered_fury.png]
[rerollcdn.com/DIABLO4/Skills/2/furious_impulse.png]
[rerollcdn.com/DIABLO4/Skills/2/invigorating_fury.png]
[rerollcdn.com/DIABLO4/Skills/2/wrath_of_the_berserker.png]
[rerollcdn.com/DIABLO4/Skills/2/heavy_handed.png]
[rerollcdn.com/DIABLO4/Skills/2/wallop.png]
[rerollcdn.com/DIABLO4/Skills/2/brute_force.png]
[rerollcdn.com/DIABLO4/Skills/2/concussion.png]
[rerollcdn.com/DIABLO4/Skills/2/unconstrained.png]
[rerollcdn.com/DIABLO4/Skills/2/walking_arsenal.png]
[rerollcdn.com/DIABLO4/Skills/2/unbridled_rage.png]
[rerollcdn.com/DIABLO4/Skills/2/gushing_wounds.png]
[rerollcdn.com/DIABLO4/SkillTree/category_basic.png]
[rerollcdn.com/DIABLO4/SkillTree/connector_large.png]
[rerollcdn.com/DIABLO4/SkillTree/connector_large_fill.png]
[rerollcdn.com/DIABLO4/SkillTree/count_icon.png]
[d4builds.gg/skill-trees/barbarian/index.html]
[d4builds.gg/page-data/skill-trees/druid/page-data.json]
[rerollcdn.com/DIABLO4/Skills/2/earth_spike.png]
[rerollcdn.com/DIABLO4/Skills/2/wind_shear.png]
[rerollcdn.com/DIABLO4/Skills/2/storm_strike.png]
[rerollcdn.com/DIABLO4/Skills/2/claw.png]
[rerollcdn.com/DIABLO4/Skills/2/maul.png]
[rerollcdn.com/DIABLO4/Skills/2/heart_of_the_wild.png]
[rerollcdn.com/DIABLO4/Skills/2/abundance.png]
[rerollcdn.com/DIABLO4/Skills/2/wild_impulses.png]
[rerollcdn.com/DIABLO4/Skills/2/lightning_storm.png]
[rerollcdn.com/DIABLO4/Skills/2/tornado.png]
[rerollcdn.com/DIABLO4/Skills/2/pulverize.png]
[rerollcdn.com/DIABLO4/Skills/2/shred.png]
[rerollcdn.com/DIABLO4/Skills/2/predatory_instinct.png]
[rerollcdn.com/DIABLO4/Skills/2/digitigrade_gait.png]
[rerollcdn.com/DIABLO4/Skills/2/iron_fur.png]
[rerollcdn.com/DIABLO4/Skills/2/landslide.png]
[rerollcdn.com/DIABLO4/Skills/2/earthen_bulwark.png]
[rerollcdn.com/DIABLO4/Skills/2/cyclone_armor.png]
[rerollcdn.com/DIABLO4/Skills/2/blood_howl.png]
[rerollcdn.com/DIABLO4/Skills/2/debilitating_roar.png]
[rerollcdn.com/DIABLO4/Skills/2/ancestral_fortitude.png]
[rerollcdn.com/DIABLO4/Skills/2/vigilance.png]
[rerollcdn.com/DIABLO4/Skills/2/wolves.png]
[rerollcdn.com/DIABLO4/Skills/2/nature's_reach.png]
[rerollcdn.com/DIABLO4/Skills/2/poison_creeper.png]
[rerollcdn.com/DIABLO4/Skills/2/clarity.png]
[rerollcdn.com/DIABLO4/Skills/2/ravens.png]
[rerollcdn.com/DIABLO4/Skills/2/call_of_the_wild.png]
[rerollcdn.com/DIABLO4/Skills/2/elemental_exposure.png]
[rerollcdn.com/DIABLO4/Skills/2/charged_atmosphere.png]
[rerollcdn.com/DIABLO4/Skills/2/endless_tempest.png]
[rerollcdn.com/DIABLO4/Skills/2/electric_shock.png]
[rerollcdn.com/DIABLO4/Skills/2/bad_omen.png]
[rerollcdn.com/DIABLO4/Skills/2/hurricane.png]
[rerollcdn.com/DIABLO4/Skills/2/boulder.png]
[rerollcdn.com/DIABLO4/Skills/2/crushing_earth.png]
[rerollcdn.com/DIABLO4/Skills/2/safeguard.png]
[rerollcdn.com/DIABLO4/Skills/2/stone_guard.png]
[rerollcdn.com/DIABLO4/Skills/2/rabies.png]
[rerollcdn.com/DIABLO4/Skills/2/neurotoxin.png]
[rerollcdn.com/DIABLO4/Skills/2/envenom.png]
[rerollcdn.com/DIABLO4/Skills/2/toxic_claws.png]
[rerollcdn.com/DIABLO4/Skills/2/trample.png]
[rerollcdn.com/DIABLO4/Skills/2/mending.png]
[rerollcdn.com/DIABLO4/Skills/2/provocation.png]
[rerollcdn.com/DIABLO4/Skills/2/petrify.png]
[rerollcdn.com/DIABLO4/Skills/2/defiance.png]
[rerollcdn.com/DIABLO4/Skills/2/circle_of_life.png]
[rerollcdn.com/DIABLO4/Skills/2/natural_disaster.png]
[rerollcdn.com/DIABLO4/Skills/2/resonance.png]
[rerollcdn.com/DIABLO4/Skills/2/cataclysm.png]
[rerollcdn.com/DIABLO4/Skills/2/lacerate.png]
[rerollcdn.com/DIABLO4/Skills/2/quickshift.png]
[rerollcdn.com/DIABLO4/Skills/2/natural_fortitude.png]
[rerollcdn.com/DIABLO4/Skills/2/heightened_senses.png]
[rerollcdn.com/DIABLO4/Skills/2/grizzly_rage.png]
[rerollcdn.com/DIABLO4/Skills/2/defensive_posture.png]
[rerollcdn.com/DIABLO4/Skills/2/thick_hide.png]
[rerollcdn.com/DIABLO4/Skills/2/nature's_resolve.png]
[rerollcdn.com/DIABLO4/Skills/2/unrestrained.png]
[rerollcdn.com/DIABLO4/Skills/2/perfect_storm.png]
[rerollcdn.com/DIABLO4/Skills/2/nature's_fury.png]
[rerollcdn.com/DIABLO4/Skills/2/earthen_might.png]
[rerollcdn.com/DIABLO4/Skills/2/lupine_ferocity.png]
[rerollcdn.com/DIABLO4/Skills/2/bestial_rampage.png]
[rerollcdn.com/DIABLO4/Skills/2/ursine_strength.png]
[d4builds.gg/skill-trees/druid/index.html]
[d4builds.gg/page-data/skill-trees/necromancer/page-data.json]
[rerollcdn.com/DIABLO4/Skills/2/reap.png]
[rerollcdn.com/DIABLO4/Skills/2/decompose.png]
[rerollcdn.com/DIABLO4/Skills/2/hemorrhage.png]
[rerollcdn.com/DIABLO4/Skills/2/bone_splinters.png]
[rerollcdn.com/DIABLO4/Skills/2/unliving_energy.png]
[rerollcdn.com/DIABLO4/Skills/2/imperfectly_balanced.png]
[rerollcdn.com/DIABLO4/Skills/2/blood_lance.png]
[rerollcdn.com/DIABLO4/Skills/2/blood_surge.png]
[rerollcdn.com/DIABLO4/Skills/2/blight.png]
[rerollcdn.com/DIABLO4/Skills/2/sever.png]
[rerollcdn.com/DIABLO4/Skills/2/hewed_flesh.png]
[rerollcdn.com/DIABLO4/Skills/2/bone_spear.png]
[rerollcdn.com/DIABLO4/Skills/2/blood_mist.png]
[rerollcdn.com/DIABLO4/Skills/2/spiked_armor.png]
[rerollcdn.com/DIABLO4/Skills/2/skeletal_warrior_mastery.png]
[rerollcdn.com/DIABLO4/Skills/2/bone_prison.png]
[rerollcdn.com/DIABLO4/Skills/2/grim_harvest.png]
[rerollcdn.com/DIABLO4/Skills/2/fueled_by_death.png]
[rerollcdn.com/DIABLO4/Skills/2/corpse_explosion.png]
[rerollcdn.com/DIABLO4/Skills/2/death's_embrace.png]
[rerollcdn.com/DIABLO4/Skills/2/iron_maiden.png]
[rerollcdn.com/DIABLO4/Skills/2/amplify_damage.png]
[rerollcdn.com/DIABLO4/Skills/2/decrepify.png]
[rerollcdn.com/DIABLO4/Skills/2/skeletal_mage_mastery.png]
[rerollcdn.com/DIABLO4/Skills/2/death's_reach.png]
[rerollcdn.com/DIABLO4/Skills/2/gruesome_mending.png]
[rerollcdn.com/DIABLO4/Skills/2/coalesced_blood.png]
[rerollcdn.com/DIABLO4/Skills/2/transfusion.png]
[rerollcdn.com/DIABLO4/Skills/2/drain_vitality.png]
[rerollcdn.com/DIABLO4/Skills/2/tides_of_blood.png]
[rerollcdn.com/DIABLO4/Skills/2/corpse_tendrils.png]
[rerollcdn.com/DIABLO4/Skills/2/necrotic_carapace.png]
[rerollcdn.com/DIABLO4/Skills/2/bone_spirit.png]
[rerollcdn.com/DIABLO4/Skills/2/serration.png]
[rerollcdn.com/DIABLO4/Skills/2/rapid_ossification.png]
[rerollcdn.com/DIABLO4/Skills/2/compound_fracture.png]
[rerollcdn.com/DIABLO4/Skills/2/evulsion.png]
[rerollcdn.com/DIABLO4/Skills/2/reaper's_pursuit.png]
[rerollcdn.com/DIABLO4/Skills/2/crippling_darkness.png]
[rerollcdn.com/DIABLO4/Skills/2/gloom.png]
[rerollcdn.com/DIABLO4/Skills/2/terror.png]
[rerollcdn.com/DIABLO4/Skills/2/blood_wave.png]
[rerollcdn.com/DIABLO4/Skills/2/golem_mastery.png]
[rerollcdn.com/DIABLO4/Skills/2/army_of_the_dead.png]
[rerollcdn.com/DIABLO4/Skills/2/bonded_in_essence.png]
[rerollcdn.com/DIABLO4/Skills/2/inspiring_leader.png]
[rerollcdn.com/DIABLO4/Skills/2/death's_defense.png]
[rerollcdn.com/DIABLO4/Skills/2/hellbent_commander.png]
[rerollcdn.com/DIABLO4/Skills/2/bone_storm.png]
[rerollcdn.com/DIABLO4/Skills/2/stand_alone.png]
[rerollcdn.com/DIABLO4/Skills/2/memento_mori.png]
[rerollcdn.com/DIABLO4/Skills/2/ossified_essence.png]
[rerollcdn.com/DIABLO4/Skills/2/rathma's_vigor.png]
[rerollcdn.com/DIABLO4/Skills/2/shadowblight.png]
[rerollcdn.com/DIABLO4/Skills/2/kalan's_edict.png]
[d4builds.gg/skill-trees/necromancer/index.html]
[d4builds.gg/page-data/skill-trees/rogue/page-data.json]
[rerollcdn.com/DIABLO4/Skills/2/invigorating_strike.png]
[rerollcdn.com/DIABLO4/Skills/2/blade_shift.png]
[rerollcdn.com/DIABLO4/Skills/2/puncture.png]
[rerollcdn.com/DIABLO4/Skills/2/heartseeker.png]
[rerollcdn.com/DIABLO4/Skills/2/forceful_arrow.png]
[rerollcdn.com/DIABLO4/Skills/2/barrage.png]
[rerollcdn.com/DIABLO4/Skills/2/twisting_blades.png]
[rerollcdn.com/DIABLO4/Skills/2/sturdy.png]
[rerollcdn.com/DIABLO4/Skills/2/siphoning_strikes.png]
[rerollcdn.com/DIABLO4/Skills/2/flurry.png]
[rerollcdn.com/DIABLO4/Skills/2/penetrating_shot.png]
[rerollcdn.com/DIABLO4/Skills/2/stutter_step.png]
[rerollcdn.com/DIABLO4/Skills/2/rapid_fire.png]
[rerollcdn.com/DIABLO4/Skills/2/shadow_step.png]
[rerollcdn.com/DIABLO4/Skills/2/rugged.png]
[rerollcdn.com/DIABLO4/Skills/2/reactive_defense.png]
[rerollcdn.com/DIABLO4/Skills/2/caltrops.png]
[rerollcdn.com/DIABLO4/Skills/2/concussive.png]
[rerollcdn.com/DIABLO4/Skills/2/rapid_gambits.png]
[rerollcdn.com/DIABLO4/Skills/2/trick_attacks.png]
[rerollcdn.com/DIABLO4/Skills/2/dash.png]
[rerollcdn.com/DIABLO4/Skills/2/weapon_mastery.png]
[rerollcdn.com/DIABLO4/Skills/2/agile.png]
[rerollcdn.com/DIABLO4/Skills/2/mending_obscurity.png]
[rerollcdn.com/DIABLO4/Skills/2/concealment.png]
[rerollcdn.com/DIABLO4/Skills/2/smoke_grenade.png]
[rerollcdn.com/DIABLO4/Skills/2/poison_trap.png]
[rerollcdn.com/DIABLO4/Skills/2/exploit.png]
[rerollcdn.com/DIABLO4/Skills/2/malice.png]
[rerollcdn.com/DIABLO4/Skills/2/dark_shroud.png]
[rerollcdn.com/DIABLO4/Skills/2/precision_imbuement.png]
[rerollcdn.com/DIABLO4/Skills/2/shadow_crash.png]
[rerollcdn.com/DIABLO4/Skills/2/consuming_shadows.png]
[rerollcdn.com/DIABLO4/Skills/2/shadow_imbuement.png]
[rerollcdn.com/DIABLO4/Skills/2/poison_imbuement.png]
[rerollcdn.com/DIABLO4/Skills/2/deadly_venom.png]
[rerollcdn.com/DIABLO4/Skills/2/debilitating_toxins.png]
[rerollcdn.com/DIABLO4/Skills/2/alchemical_advantage.png]
[rerollcdn.com/DIABLO4/Skills/2/cold_imbuement.png]
[rerollcdn.com/DIABLO4/Skills/2/frigid_finesse.png]
[rerollcdn.com/DIABLO4/Skills/2/chilling_weight.png]
[rerollcdn.com/DIABLO4/Skills/2/shadow_clone.png]
[rerollcdn.com/DIABLO4/Skills/2/innervation.png]
[rerollcdn.com/DIABLO4/Skills/2/second_wind.png]
[rerollcdn.com/DIABLO4/Skills/2/alchemist's_fortune.png]
[rerollcdn.com/DIABLO4/Skills/2/trap_mastery.png]
[rerollcdn.com/DIABLO4/Skills/2/death_trap.png]
[rerollcdn.com/DIABLO4/Skills/2/aftermath.png]
[rerollcdn.com/DIABLO4/Skills/2/adrenaline_rush.png]
[rerollcdn.com/DIABLO4/Skills/2/impetus.png]
[rerollcdn.com/DIABLO4/Skills/2/haste.png]
[rerollcdn.com/DIABLO4/Skills/2/rain_of_arrows.png]
[rerollcdn.com/DIABLO4/Skills/2/momentum.png]
[rerollcdn.com/DIABLO4/Skills/2/close_quarters_combat.png]
[rerollcdn.com/DIABLO4/Skills/2/precision.png]
[rerollcdn.com/DIABLO4/Skills/2/victimize.png]
[rerollcdn.com/DIABLO4/Skills/2/exposure.png]
[d4builds.gg/skill-trees/rogue/index.html]
[d4builds.gg/page-data/skill-trees/sorcerer/page-data.json]
[rerollcdn.com/DIABLO4/Skills/2/spark.png]
[rerollcdn.com/DIABLO4/Skills/2/frost_bolt.png]
[rerollcdn.com/DIABLO4/Skills/2/fire_bolt.png]
[rerollcdn.com/DIABLO4/Skills/2/arc_lash.png]
[rerollcdn.com/DIABLO4/Skills/2/incinerate.png]
[rerollcdn.com/DIABLO4/Skills/2/fireball.png]
[rerollcdn.com/DIABLO4/Skills/2/frozen_orb.png]
[rerollcdn.com/DIABLO4/Skills/2/ice_shards.png]
[rerollcdn.com/DIABLO4/Skills/2/devastation.png]
[rerollcdn.com/DIABLO4/Skills/2/elemental_dominance.png]
[rerollcdn.com/DIABLO4/Skills/2/chain_lightning.png]
[rerollcdn.com/DIABLO4/Skills/2/charged_bolts.png]
[rerollcdn.com/DIABLO4/Skills/2/potent_warding.png]
[rerollcdn.com/DIABLO4/Skills/2/flame_shield.png]
[rerollcdn.com/DIABLO4/Skills/2/teleport.png]
[rerollcdn.com/DIABLO4/Skills/2/glass_cannon.png]
[rerollcdn.com/DIABLO4/Skills/2/ice_armor.png]
[rerollcdn.com/DIABLO4/Skills/2/frost_nova.png]
[rerollcdn.com/DIABLO4/Skills/2/elemental_attunement.png]
[rerollcdn.com/DIABLO4/Skills/2/hydra.png]
[rerollcdn.com/DIABLO4/Skills/2/precision_magic.png]
[rerollcdn.com/DIABLO4/Skills/2/ice_blades.png]
[rerollcdn.com/DIABLO4/Skills/2/lightning_spear.png]
[rerollcdn.com/DIABLO4/Skills/2/conjuration_mastery.png]
[rerollcdn.com/DIABLO4/Skills/2/align_the_elements.png]
[rerollcdn.com/DIABLO4/Skills/2/mana_shield.png]
[rerollcdn.com/DIABLO4/Skills/2/protection.png]
[rerollcdn.com/DIABLO4/Skills/2/icy_veil.png]
[rerollcdn.com/DIABLO4/Skills/2/cold_front.png]
[rerollcdn.com/DIABLO4/Skills/2/snap_freeze.png]
[rerollcdn.com/DIABLO4/Skills/2/blizzard.png]
[rerollcdn.com/DIABLO4/Skills/2/meteor.png]
[rerollcdn.com/DIABLO4/Skills/2/inner_flames.png]
[rerollcdn.com/DIABLO4/Skills/2/devouring_blaze.png]
[rerollcdn.com/DIABLO4/Skills/2/crippling_flames.png]
[rerollcdn.com/DIABLO4/Skills/2/firewall.png]
[rerollcdn.com/DIABLO4/Skills/2/ball_lightning.png]
[rerollcdn.com/DIABLO4/Skills/2/static_discharge.png]
[rerollcdn.com/DIABLO4/Skills/2/shocking_impact.png]
[rerollcdn.com/DIABLO4/Skills/2/invigorating_conduit.png]
[rerollcdn.com/DIABLO4/Skills/2/permafrost.png]
[rerollcdn.com/DIABLO4/Skills/2/hoarfrost.png]
[rerollcdn.com/DIABLO4/Skills/2/icy_touch.png]
[rerollcdn.com/DIABLO4/Skills/2/frigid_breeze.png]
[rerollcdn.com/DIABLO4/Skills/2/deep_freeze.png]
[rerollcdn.com/DIABLO4/Skills/2/inferno.png]
[rerollcdn.com/DIABLO4/Skills/2/fiery_surge.png]
[rerollcdn.com/DIABLO4/Skills/2/endless_pyre.png]
[rerollcdn.com/DIABLO4/Skills/2/soulfire.png]
[rerollcdn.com/DIABLO4/Skills/2/warmth.png]
[rerollcdn.com/DIABLO4/Skills/2/unstable_currents.png]
[rerollcdn.com/DIABLO4/Skills/2/coursing_currents.png]
[rerollcdn.com/DIABLO4/Skills/2/conduction.png]
[rerollcdn.com/DIABLO4/Skills/2/electrocution.png]
[rerollcdn.com/DIABLO4/Skills/2/convulsions.png]
[rerollcdn.com/DIABLO4/Skills/2/avalanche.png]
[rerollcdn.com/DIABLO4/Skills/2/shatter.png]
[rerollcdn.com/DIABLO4/Skills/2/overflowing_energy.png]
[rerollcdn.com/DIABLO4/Skills/2/vyr's_mastery.png]
[rerollcdn.com/DIABLO4/Skills/2/esu's_ferocity.png]
[rerollcdn.com/DIABLO4/Skills/2/combustion.png]
[d4builds.gg/skill-trees/sorcerer/index.html]
